// Jest Snapshot v1, https://goo.gl/fbAQLP

exports[`Filter component it renders properly 1`] = `null`;
